mode: set
lmzsoftware.com/luigizuccarelli/golang-elasticsearch-interface/pkg/validator/validate.go:13.59,17.27 4 1
lmzsoftware.com/luigizuccarelli/golang-elasticsearch-interface/pkg/validator/validate.go:25.2,25.12 1 1
lmzsoftware.com/luigizuccarelli/golang-elasticsearch-interface/pkg/validator/validate.go:17.27,18.15 1 1
lmzsoftware.com/luigizuccarelli/golang-elasticsearch-interface/pkg/validator/validate.go:23.3,23.69 1 1
lmzsoftware.com/luigizuccarelli/golang-elasticsearch-interface/pkg/validator/validate.go:18.15,21.4 2 1
lmzsoftware.com/luigizuccarelli/golang-elasticsearch-interface/pkg/validator/validate.go:30.50,38.23 2 1
lmzsoftware.com/luigizuccarelli/golang-elasticsearch-interface/pkg/validator/validate.go:43.2,43.12 1 1
lmzsoftware.com/luigizuccarelli/golang-elasticsearch-interface/pkg/validator/validate.go:38.23,39.54 1 1
lmzsoftware.com/luigizuccarelli/golang-elasticsearch-interface/pkg/validator/validate.go:39.54,41.4 1 1
lmzsoftware.com/luigizuccarelli/golang-elasticsearch-interface/pkg/handlers/fake-connectors.go:20.52,22.2 1 1
lmzsoftware.com/luigizuccarelli/golang-elasticsearch-interface/pkg/handlers/fake-connectors.go:32.84,33.24 1 1
lmzsoftware.com/luigizuccarelli/golang-elasticsearch-interface/pkg/handlers/fake-connectors.go:36.2,37.15 2 1
lmzsoftware.com/luigizuccarelli/golang-elasticsearch-interface/pkg/handlers/fake-connectors.go:33.24,35.3 1 1
lmzsoftware.com/luigizuccarelli/golang-elasticsearch-interface/pkg/handlers/fake-connectors.go:41.92,42.24 1 1
lmzsoftware.com/luigizuccarelli/golang-elasticsearch-interface/pkg/handlers/fake-connectors.go:45.2,45.12 1 1
lmzsoftware.com/luigizuccarelli/golang-elasticsearch-interface/pkg/handlers/fake-connectors.go:42.24,44.3 1 1
lmzsoftware.com/luigizuccarelli/golang-elasticsearch-interface/pkg/handlers/fake-connectors.go:49.64,51.2 1 1
lmzsoftware.com/luigizuccarelli/golang-elasticsearch-interface/pkg/handlers/fake-connectors.go:53.63,55.2 1 0
lmzsoftware.com/luigizuccarelli/golang-elasticsearch-interface/pkg/handlers/fake-connectors.go:57.64,59.2 1 1
lmzsoftware.com/luigizuccarelli/golang-elasticsearch-interface/pkg/handlers/fake-connectors.go:61.64,63.2 1 0
lmzsoftware.com/luigizuccarelli/golang-elasticsearch-interface/pkg/handlers/fake-connectors.go:65.44,67.2 1 1
lmzsoftware.com/luigizuccarelli/golang-elasticsearch-interface/pkg/handlers/fake-connectors.go:70.72,72.2 1 0
lmzsoftware.com/luigizuccarelli/golang-elasticsearch-interface/pkg/handlers/fake-connectors.go:75.93,84.2 4 1
lmzsoftware.com/luigizuccarelli/golang-elasticsearch-interface/pkg/handlers/handler.go:23.86,28.19 3 1
lmzsoftware.com/luigizuccarelli/golang-elasticsearch-interface/pkg/handlers/handler.go:32.2,33.16 2 1
lmzsoftware.com/luigizuccarelli/golang-elasticsearch-interface/pkg/handlers/handler.go:41.2,42.14 2 1
lmzsoftware.com/luigizuccarelli/golang-elasticsearch-interface/pkg/handlers/handler.go:50.2,52.8 3 1
lmzsoftware.com/luigizuccarelli/golang-elasticsearch-interface/pkg/handlers/handler.go:28.19,30.3 1 0
lmzsoftware.com/luigizuccarelli/golang-elasticsearch-interface/pkg/handlers/handler.go:33.16,39.3 5 1
lmzsoftware.com/luigizuccarelli/golang-elasticsearch-interface/pkg/handlers/handler.go:42.14,48.3 5 1
lmzsoftware.com/luigizuccarelli/golang-elasticsearch-interface/pkg/handlers/handler.go:56.84,60.24 3 1
lmzsoftware.com/luigizuccarelli/golang-elasticsearch-interface/pkg/handlers/handler.go:60.24,62.17 2 1
lmzsoftware.com/luigizuccarelli/golang-elasticsearch-interface/pkg/handlers/handler.go:71.3,72.17 2 1
lmzsoftware.com/luigizuccarelli/golang-elasticsearch-interface/pkg/handlers/handler.go:80.3,86.9 6 1
lmzsoftware.com/luigizuccarelli/golang-elasticsearch-interface/pkg/handlers/handler.go:62.17,68.4 5 1
lmzsoftware.com/luigizuccarelli/golang-elasticsearch-interface/pkg/handlers/handler.go:72.17,78.4 5 1
lmzsoftware.com/luigizuccarelli/golang-elasticsearch-interface/pkg/handlers/handler.go:93.67,96.16 3 1
lmzsoftware.com/luigizuccarelli/golang-elasticsearch-interface/pkg/handlers/handler.go:101.2,102.17 2 1
lmzsoftware.com/luigizuccarelli/golang-elasticsearch-interface/pkg/handlers/handler.go:106.2,106.16 1 1
lmzsoftware.com/luigizuccarelli/golang-elasticsearch-interface/pkg/handlers/handler.go:96.16,98.3 1 1
lmzsoftware.com/luigizuccarelli/golang-elasticsearch-interface/pkg/handlers/handler.go:102.17,104.3 1 1
lmzsoftware.com/luigizuccarelli/golang-elasticsearch-interface/pkg/handlers/handler.go:111.108,115.2 3 1
lmzsoftware.com/luigizuccarelli/golang-elasticsearch-interface/pkg/handlers/handler.go:118.54,122.2 3 1
lmzsoftware.com/luigizuccarelli/golang-elasticsearch-interface/pkg/handlers/handler.go:125.57,126.35 1 1
lmzsoftware.com/luigizuccarelli/golang-elasticsearch-interface/pkg/handlers/handler.go:129.2,133.151 4 1
lmzsoftware.com/luigizuccarelli/golang-elasticsearch-interface/pkg/handlers/handler.go:126.35,128.3 1 0
lmzsoftware.com/luigizuccarelli/golang-elasticsearch-interface/pkg/connectors/fake-connectors.go:26.68,27.23 1 1
lmzsoftware.com/luigizuccarelli/golang-elasticsearch-interface/pkg/connectors/fake-connectors.go:30.2,30.23 1 1
lmzsoftware.com/luigizuccarelli/golang-elasticsearch-interface/pkg/connectors/fake-connectors.go:27.23,29.3 1 1
lmzsoftware.com/luigizuccarelli/golang-elasticsearch-interface/pkg/connectors/fake-connectors.go:33.38,35.2 1 1
lmzsoftware.com/luigizuccarelli/golang-elasticsearch-interface/pkg/connectors/fake-connectors.go:41.77,43.2 1 1
lmzsoftware.com/luigizuccarelli/golang-elasticsearch-interface/pkg/connectors/fake-connectors.go:46.55,50.2 1 1
lmzsoftware.com/luigizuccarelli/golang-elasticsearch-interface/pkg/connectors/fake-connectors.go:53.78,58.16 2 1
lmzsoftware.com/luigizuccarelli/golang-elasticsearch-interface/pkg/connectors/fake-connectors.go:62.2,62.73 1 1
lmzsoftware.com/luigizuccarelli/golang-elasticsearch-interface/pkg/connectors/fake-connectors.go:72.2,73.14 2 1
lmzsoftware.com/luigizuccarelli/golang-elasticsearch-interface/pkg/connectors/fake-connectors.go:58.16,60.13 2 0
lmzsoftware.com/luigizuccarelli/golang-elasticsearch-interface/pkg/connectors/fake-connectors.go:62.73,71.3 1 1
lmzsoftware.com/luigizuccarelli/golang-elasticsearch-interface/pkg/connectors/client-implementation.go:17.60,19.2 1 1
lmzsoftware.com/luigizuccarelli/golang-elasticsearch-interface/pkg/connectors/client-implementation.go:21.59,23.2 1 1
lmzsoftware.com/luigizuccarelli/golang-elasticsearch-interface/pkg/connectors/client-implementation.go:25.60,27.2 1 1
lmzsoftware.com/luigizuccarelli/golang-elasticsearch-interface/pkg/connectors/client-implementation.go:29.60,31.2 1 1
lmzsoftware.com/luigizuccarelli/golang-elasticsearch-interface/pkg/connectors/client-implementation.go:34.88,39.23 3 1
lmzsoftware.com/luigizuccarelli/golang-elasticsearch-interface/pkg/connectors/client-implementation.go:43.2,44.16 2 1
lmzsoftware.com/luigizuccarelli/golang-elasticsearch-interface/pkg/connectors/client-implementation.go:48.2,48.17 1 1
lmzsoftware.com/luigizuccarelli/golang-elasticsearch-interface/pkg/connectors/client-implementation.go:53.2,57.16 4 1
lmzsoftware.com/luigizuccarelli/golang-elasticsearch-interface/pkg/connectors/client-implementation.go:61.2,63.16 3 1
lmzsoftware.com/luigizuccarelli/golang-elasticsearch-interface/pkg/connectors/client-implementation.go:68.2,70.12 3 1
lmzsoftware.com/luigizuccarelli/golang-elasticsearch-interface/pkg/connectors/client-implementation.go:39.23,42.3 2 1
lmzsoftware.com/luigizuccarelli/golang-elasticsearch-interface/pkg/connectors/client-implementation.go:44.16,47.3 2 0
lmzsoftware.com/luigizuccarelli/golang-elasticsearch-interface/pkg/connectors/client-implementation.go:48.17,50.3 1 1
lmzsoftware.com/luigizuccarelli/golang-elasticsearch-interface/pkg/connectors/client-implementation.go:50.8,52.3 1 1
lmzsoftware.com/luigizuccarelli/golang-elasticsearch-interface/pkg/connectors/client-implementation.go:57.16,60.3 2 1
lmzsoftware.com/luigizuccarelli/golang-elasticsearch-interface/pkg/connectors/client-implementation.go:63.16,66.3 2 0
lmzsoftware.com/luigizuccarelli/golang-elasticsearch-interface/pkg/connectors/client-implementation.go:74.80,85.16 9 1
lmzsoftware.com/luigizuccarelli/golang-elasticsearch-interface/pkg/connectors/client-implementation.go:89.2,91.16 3 1
lmzsoftware.com/luigizuccarelli/golang-elasticsearch-interface/pkg/connectors/client-implementation.go:96.2,98.18 3 1
lmzsoftware.com/luigizuccarelli/golang-elasticsearch-interface/pkg/connectors/client-implementation.go:85.16,88.3 2 0
lmzsoftware.com/luigizuccarelli/golang-elasticsearch-interface/pkg/connectors/client-implementation.go:91.16,94.3 2 0
